// Jest Snapshot v1, https://goo.gl/fbAQLP

exports[`Tests rendered Snapshot matches 1`] = `ShallowWrapper {}`;
