// Jest Snapshot v1, https://goo.gl/fbAQLP

exports[`AdminPanel rendered AdminPanel rendered 1`] = `ShallowWrapper {}`;
